05-07-2019 17:09:35                       CORPORATION BANK, BANGALORE - YESHWANTHPUR MKTYA                                    Page 1
REP27
                                                         S LAVANYAREGISTER                                                          


------------------------------------------------------------------------------------------------------------------------------------
Report To               :BM
Service OutLet          :0426   BANGALORE-YESHWANTHPUR MKTYARD
Account Number          :520101242590558/INR       S LAVANYA
Report for the Period   :01-04-2018TO31-03-2019

------------------------------------------------------------------------------------------------------------------------------------

05-07-2019 17:09:35                       CORPORATION BANK, BANGALORE - YESHWANTHPUR MKTYA                                    Page 2
REP27
                                                         S LAVANYAREGISTER                                                          

                                          Report for the Period   :01-04-2018TO31-03-2019                                           

------------------------------------------------------------------------------------------------------------------------------------
Date        Tran    Ref Num    Particulars                      Debit Amt.          Credit Amt.          Balance Amt.         Contra
Id                                                                                                                Date
------------------------------------------------------------------------------------------------------------------------------------

         Account Opening balance :           424.00CR                                                                               
         Brought Forward :                                                                   424.00                424.00CR         
13-04-2018 S5764092            NEFT fm LIC INDIA D061:CI                              20,105.00           20,529.00CR               
17-04-2018 S9288861            NET PYMT 170418 1323 AT K             303.75                               20,225.25CR               
19-04-2018  M200486            SELF                               19,000.00                                1,225.25CR               
25-04-2018 S8577666            POS PYMT 250418 1635 AT B           1,000.72                                  224.53CR               
03-05-2018 S7840241            NEFT fm LIC INDIA D061:CI                               1,879.00            2,103.53CR               
06-05-2018 S1145115            BY INT FOR THE PERIOD 01-                                  19.00            2,122.53CR               
15-05-2018 S2165978            ATM WDR 150518 1613 AT +C           2,000.00                                  122.53CR               
25-05-2018 S4223174            PMSBY PREMIUM RENEWAL- 04              12.00                                  110.53CR               
01-06-2018 S1570139            By Cash Deposit AT SNA002                                 500.00              610.53CR               
04-06-2018 S4539889            NEFT fm LIC INDIA D061:CI                               5,037.00            5,647.53CR               
04-06-2018 S5256791            ATM WDR 040618 1635 AT +C           4,000.00                                1,647.53CR               
04-06-2018 S5257771            ATM REV +CORP GANDHINAGAR                               4,000.00            5,647.53CR               
04-06-2018 S5411828            ATM WDR 040618 1802 AT +3           3,000.00                                2,647.53CR               
04-06-2018 S5413719            ATM WDR 040618 1803 AT +3           2,000.00                                  647.53CR               
12-06-2018 S5159061            ATM WDR 120618 1454 AT +C             500.00                                  147.53CR               
18-06-2018 S1452764            ATM WDR 180618 1243 AT +3             100.00                                   47.53CR               
18-06-2018 S1452764            ATM WDR 180618 1243 AT +3              23.60                                   23.93CR               
18-06-2018 S2063752            NEFT fm LIC INDIA D061:CI                               3,570.00            3,593.93CR               
19-06-2018 S2499439            ATM WDR 190618 1029 AT +C           3,000.00                                  593.93CR               
30-06-2018 S5743610            ATM WDR 300618 1403 AT +T             500.00                                   93.93CR               
30-06-2018 S5743610            ATM WDR 300618 1403 AT +T              23.60                                   70.33CR               
04-07-2018 S2530967            NEFT fm LIC INDIA D061:CI                                  48.00              118.33CR               
17-07-2018 S7796643            NEFT fm LIC INDIA D061:CI                               2,477.00            2,595.33CR               
25-07-2018 S6079699            POS PYMT 250718 1711 AT B             765.31                                1,830.02CR               
25-07-2018 S6081178            POS PYMT 250718 1713 AT B             713.35                                1,116.67CR               
26-07-2018 S7139378            NEFT fm LIC INDIA D061:CI                               4,615.00            5,731.67CR               
26-07-2018 S7139384            NEFT fm LIC INDIA D061:CI                              10,302.00           16,033.67CR               
26-07-2018 S7139385            NEFT fm LIC INDIA D061:CI                               1,390.00           17,423.67CR               
26-07-2018 S7139412            NEFT fm LIC INDIA D061:CI                               1,942.00           19,365.67CR               
01-08-2018 S2871019            NEFT fm LIC INDIA D061:CI                              11,579.00           30,944.67CR               
01-08-2018 S2907255            ATM WDR 010818 1443 AT +C           6,000.00                               24,944.67CR               
05-08-2018 S7600900            BY INT FOR THE PERIOD 01-                                  18.00           24,962.67CR               
05-08-2018 S7866803            ATM WDR 050818 1956 AT +C          15,000.00                                9,962.67CR               
05-08-2018 S7868404            ATM WDR 050818 1958 AT +C           5,000.00                                4,962.67CR               
08-08-2018 S1660699            ATM WDR 080818 1830 AT +C           4,000.00                                  962.67CR               
10-08-2018 S3795510            ATM WDR 100818 1402 AT +C             900.00                                   62.67CR               
03-09-2018 S9737914            NEFT fm LIC INDIA D061:CI                                 741.00              803.67CR               
05-09-2018 S2508896            ATM WDR 050918 2053 AT +P             500.00                                  303.67CR               
06-09-2018 S3369335            NEFT fm LIC INDIA D061:CI                                 200.00              503.67CR               
09-09-2018 S6735186            ATM WDR 090918 1304 AT +C             300.00                                  203.67CR               
12-09-2018  S616971            By Cash Deposit AT SNA002                               1,000.00            1,203.67CR               
12-09-2018  S627063            By Cash Deposit AT SNA002                                 500.00            1,703.67CR               
17-09-2018 S6299658            NEFT fm LIC INDIA D061:CI                                 525.00            2,228.67CR               
04-10-2018 S8364743            NEFT fm LIC INDIA D061:CI                                 957.00            3,185.67CR               
29-10-2018 S8458620            ATM WDR 291018 1810 AT +C           2,000.00                                1,185.67CR               
04-11-2018 S7039012            BY INT FOR THE PERIOD 01-                                  24.00            1,209.67CR               
05-11-2018 S8042468            NEFT fm LIC INDIA D061:CI                                 867.00            2,076.67CR               
16-11-2018 S2414126            ATM WDR 161118 1504 AT +C           1,000.00                                1,076.67CR               
18-11-2018 S4647763            ATM WDR 181118 1519 AT +3           1,000.00                                   76.67CR               
19-11-2018 S5872782            NEFT fm LIC INDIA D061:CI                               3,070.00            3,146.67CR               
30-11-2018 S8811078            ATM WDR 301118 1834 AT +C           2,000.00                                1,146.67CR               
03-12-2018 S3065986            NEFT fm LIC INDIA D061:CI                               2,206.00            3,352.67CR               
06-12-2018 S7091019            ATM WDR 061218 1347 AT +C           2,000.00                                1,352.67CR               
05-07-2019 17:09:37                       CORPORATION BANK, BANGALORE - YESHWANTHPUR MKTYA                                    Page 3
REP27
                                                         S LAVANYAREGISTER                                                          

                                          Report for the Period   :01-04-2018TO31-03-2019                                           

------------------------------------------------------------------------------------------------------------------------------------
Date        Tran    Ref Num    Particulars                      Debit Amt.          Credit Amt.          Balance Amt.         Contra
Id                                                                                                                Date
------------------------------------------------------------------------------------------------------------------------------------
         Brought Forward :                                          76,642.33             77,995.00              1,352.67CR         
17-12-2018 S2603622            NEFT fm LIC INDIA D061:CI                               7,611.00            8,963.67CR               
21-12-2018 S7858141            ATM WDR 211218 1754 AT +C           5,000.00                                3,963.67CR               
28-12-2018 S7467843            NEFT fm LIC INDIA D061:CI                                 237.00            4,200.67CR               
05-01-2019 S9617502            ATM WDR 050119 1322 AT +C           4,000.00                                  200.67CR               
03-02-2019 S8424813            BY INT FOR THE PERIOD 01-                                  19.00              219.67CR               
04-02-2019  S561687            NEFT fm LIC INDIA D061:CI                                 575.00              794.67CR               
13-02-2019 S3508508            ATM WDR 130219 1412 AT +C             700.00                                   94.67CR               
18-02-2019  S609970            NEFT fm LIC INDIA D061:CI                               8,030.00            8,124.67CR               
20-02-2019  C846491            ATM WDR 200219 1753 AT +C             400.00                                7,724.67CR               
03-03-2019 S8977003            ATM WDR 030319 1759 AT +3           6,000.00                                1,724.67CR               
05-03-2019 S1446285            NEFT fm LIC INDIA D061:CI                               2,315.00            4,039.67CR               
05-03-2019 S1541906            POS PYMT 050319 1434 AT B             648.00                                3,391.67CR               
05-03-2019 S1544522            POS PYMT 050319 1436 AT B             706.00                                2,685.67CR               
05-03-2019 S1557829            ATM WDR 050319 1444 AT +C           1,000.00                                1,685.67CR               
23-03-2019 S1716320            To ATM Card Annual Chrg C             150.00                                1,535.67CR               
23-03-2019 S1716320            To ATM Card Chrg Service               27.00                                1,508.67CR               
29-03-2019   S46999            NEFT fm LIC INDIA D061:CI                                 957.00            2,465.67CR               
30-03-2019 S1280183            ATM WDR 300319 1422 AT +Y           2,000.00                                  465.67CR               
30-03-2019 S1280183            ATM WDR 300319 1422 AT +Y              23.60                                  442.07CR               
30-03-2019 S1309082            ATM WDR CHRGS300319 1432               11.80                                  430.27CR               
------------------------------------------------------------------------------------------------------------------------------------
         Total(Curr. INR) :                                         97,308.73             97,739.00                430.27CR         
------------------------------------------------------------------------------------------------------------------------------------




                                                                               Manager/Chief Manager                                
                                                                               Date :05-07-2019                                     

***  3 pages printed. End of report ***                             Signature 
